---
source: src/view.rs
expression: output
---
                                                                                
                                                                                
                                                                                
                                                                                
                                                                                
                                                                                
                                                                                
                                                                                
                                                                                
kern  [15]  30  60  ·  15s  [tab] restart                                       
                                                                                
the quick brown fox                                                             
                                                                                
                                                                                
                                                                                
[esc] quit
