---
source: src/view.rs
expression: output
---
                                                                                
                                                                                
                                                                                
                                                                                
                                                                                
                                                                                
                                                                                
                                                                                
ktype  [time] words   [15]  30  60  custom   [←→] cycle  [tab] restart  [shift+t
                                                                                
                                                                                
the quick brown fox                                                             
                                                                                
                                                                                
                                                                                
                                                                                
                                   [esc] quit
