---
source: src/view.rs
expression: render_with_duration(0)
---
                                                                                
                                                                                
                                                                                
                                                                                
                                                                                
                                                                                
                                                                                
                                                                                
                                                                                
kern  [time] words   [15]  30  60   [←→] cycle  [tab] restart  [shift+tab] → wor
                                                                                
the quick brown                                                                 
                                                                                
                                                                                
                                                                                
[esc] quit
