---
source: src/view.rs
assertion_line: 517
expression: output
---
                                                                                
                                                                                
                                                                                
                                                                                
                                                                                
                                                                                
                                                                                
                                                                                
                                                                                
kern  time [words]   10  [25]  50  100   2/4   [tab] restart                    
                                                                                
the quick brown fox                                                             
                                                                                
                                                                                
                                                                                
[esc] quit
