---
source: src/view.rs
expression: output
---
                                                                                
                                                                                
                                                                                
                                                                                
                                                                                
                                                                                
                                                                                
                                                                                
ktype  time [words]   10  [25]  50  100  custom   [←→] cycle  [tab] restart  [sh
                                                                                
                                                                                
the quick brown fox                                                             
                                                                                
                                                                                
                                                                                
                                                                                
                                   [esc] quit
