---
source: src/view.rs
expression: output
---
                                                                                
                                                                                
                                                                                
                                                                                
                                                                                
                                                                                
                                                                                
                                                                                
                                                                                
kern  [time] words   [15]  30  60  ·  10s   [tab] restart                       
                                                                                
the quick brown                                                                 
                                                                                
                                                                                
                                                                                
[esc] quit
