---
source: src/ui/mod.rs
expression: render_with_duration(2)
---
                                                                                
                                                                                
                                                                                
                                                                                
                                                                                
                                                                                
                                                                                
                                                                                
ktype  @ punctuation  # numbers   [time] words   15  30  [60]  custom   [←→] cyc
                                                                                
                                                                                
the quick brown                                                                 
                                                                                
                                                                                
                                                                                
                                                                                
                                   [esc] quit
