---
source: src/ui/mod.rs
expression: output
---
                                                                                
                                                                                
                                                                                
                                                                                
                                                                                
                                                                                
                                                                                
                                                                                
                                                                                
1/4                                                                             
                                                                                
the quick brown fox
